
Final statistics (20 Clients)
Total number of items = 510
