
Model characteristics
=====================
Space dimension              = 3
Number of variable(s)        = 1
Number of basic structure(s) = 1
Number of drift function(s)  = 0
Number of drift equation(s)  = 0

Covariance Part
---------------
Spherical
- Sill         =      4.123
- Range        =   1018.983
Total Sill     =      4.123
