
Optimization Conditions
=======================
- Number of variables       1  
- Space dimension           2  
- Number of experiments     19  
- Number of parameters      1  
- Constrained Minimization  OFF
- Intrinsic option          OFF
- Anisotropy                OFF
- Anisotropy Rotation       OFF
- Global Rotation           OFF
- Rotation around Z only    OFF
- Lock third dimension      OFF
- Lock 2-D Isotropy         OFF
- Keep Intrinsic structure  OFF
- Use the Goulard option    ON
- Keep all structures       OFF

Model
-----
Structure : Spherical
 1 - Range U : 0.190668 [0.000000,NA[

Trajectory of parameters in Foxleg Algorithm
--------------------------------------------
 Iteration     Score     Delta     Par-1
         1  9.71e-07         1     0.191
         2  8.14e-08         1     0.201
         3  6.97e-08         1     0.203

Model
-----
Structure : Spherical
 1 - Range U : 0.202962 [0.000000,NA[

Model characteristics
=====================
Space dimension              = 2
Number of variable(s)        = 1
Number of basic structure(s) = 2
Number of drift function(s)  = 0
Number of drift equation(s)  = 0

Covariance Part
---------------
Nugget Effect
- Sill         =      0.201
Spherical
- Sill         =      0.400
- Range        =      0.203
Total Sill     =      0.600
