
Model characteristics
=====================
Space dimension              = 3
Number of variable(s)        = 1
Number of basic structure(s) = 3
Number of drift function(s)  = 0
Number of drift equation(s)  = 0

Covariance Part
---------------
Nugget Effect
- Sill         =      0.193
Cubic
- Sill         =  29761.625
- Range        =  11081.873
Spherical
- Sill         =      0.575
- Range        =      2.815
Total Sill     =  29762.393
