[1] 4
[1] 2
[1] 4
[1] 4
[1] 7
[1] "numeric"
[1] "character"
[1] "logical"
[1] TRUE
[1] TRUE
[1] FALSE
[1] TRUE
[1] FALSE
[1] TRUE
[1] FALSE
[1] FALSE
[1] TRUE
[1] 1 9 2 9 4 5
[1] "numeric"
[1] 1
[1] 1 2
[1] 1 2 9 4 5
[1]  6  9 12 15
[1] 9 2 9 4
[1] FALSE  TRUE FALSE  TRUE  TRUE  TRUE
[1] 9 9 4 5
[1] 6
[1] 2
[1] 3
[1] 1 3 3 4
[1]  3  6 10 14 18
[1] 4 5
[1] "data.frame"
[1]  9 10 11 12
[1] "X1" "X2" "X3" "X4" "X5"
  A B  C  D  E
1 1 5  9 13 17
2 3 6 10 14 18
3 3 7 11 15 19
4 4 8 12 16 20
  A B  C  D  E
1 1 5  9 13 17
2 3 6 10 14 18
3 3 7 11 15 19
4 4 8 12 16 20
[1]  9 10 11 12
  A B  C  D  E
2 3 6 10 14 18
3 3 7 11 15 19
4 4 8 12 16 20
[1] -0.5604756 -0.2301775  1.5587083
[1] 3 4 7 4 2
[1] 2 3 4 4 7
[1] 3 4 7 2
[1] 20
[1] 4
[1] 3.5
[1] 1.870829
     [,1] [,2]
[1,]   -1   -5
[2,]    1   -3
[3,]    7    3
     [,1] [,2]
[1,]    6   14
[2,]   12   28
[3,]   30   70
 [1]  1  2  3  4  5  6  7  8  9 10
