NULL

Data Base Grid Characteristics
==============================

Data Base Summary
-----------------
File is organized as a regular grid
Space dimension              = 2
Number of Columns            = 4
Total number of samples      = 11097
Number of active samples     = 3092

Grid characteristics:
---------------------
Origin :     65.000   535.000
Mesh   :      4.938     4.963
Number :         81       137

Variables
---------
Column = 0 - Name = Longitude - Locator = x1
Column = 1 - Name = Latitude - Locator = x2
Column = 2 - Name = Elevation - Locator = f1
Column = 3 - Name = inshore - Locator = sel

Data Base Characteristics
=========================

Data Base Summary
-----------------
File is organized as a set of isolated points
Space dimension              = 2
Number of Columns            = 5
Total number of samples      = 236

Variables
---------
Column = 0 - Name = rank - Locator = NA
Column = 1 - Name = Longitude - Locator = x1
Column = 2 - Name = Latitude - Locator = x2
Column = 3 - Name = Elevation - Locator = NA
Column = 4 - Name = Temperature - Locator = z1

Number of observations
----------------------
                Number
Elevation          236
Temperature        151

NULL

Statistics of observations
--------------------------
               Minimum    Maximum       Mean
Elevation        2.000    800.000    146.441
Temperature      0.600      5.200      2.815

NULL

Statistics of target
--------------------
             Minimum    Maximum       Mean
Elevation      0.000   1270.000    241.152

NULL

Filtered statistics of observations
-----------------------------------
               Minimum    Maximum       Mean
Elevation        3.000    387.000     87.974
Temperature      0.600      5.200      2.815

NULL

Statistics on the Ordinary Kriging:
-----------------------------------
                         Number    Minimum    Maximum       Mean   St. Dev.
OK.Temperature.estim       3092      0.604      5.082      2.835      0.954
OK.Temperature.stdev       3092      0.077      0.992      0.492      0.145

NULL
Mean squared cross-validation error: 0.254 
Mean squared standardized error: 1.117 
NULL

Data Base Characteristics
=========================

Data Base Summary
-----------------
File is organized as a set of isolated points
Space dimension              = 2
Number of Columns            = 7
Total number of samples      = 236

Variables
---------
Column = 0 - Name = rank - Locator = NA
Column = 1 - Name = Longitude - Locator = x1
Column = 2 - Name = Latitude - Locator = x2
Column = 3 - Name = Elevation - Locator = z2
Column = 4 - Name = Temperature - Locator = z1
Column = 5 - Name = CV_OK.Temperature.esterr - Locator = NA
Column = 6 - Name = CV_OK.Temperature.stderr - Locator = NA

Statistics on the CoKriging predictions
---------------------------------------
                          Number    Minimum    Maximum       Mean   St. Dev.
COK.Temperature.estim       3092      0.200      5.094      2.671      0.970
COK.Temperature.stdev       3092      0.231      0.948      0.448      0.109

NULL

Comparison between Ordinary and Universal kriging predictions
-------------------------------------------------------------
                          Number    Minimum    Maximum       Mean   St. Dev.
OK.Temperature.estim        3092      0.604      5.082      2.835      0.954
COK.Temperature.estim       3092      0.200      5.094      2.671      0.970

NULL
Mean squared cross-validation error: 0.279 
Mean squared standardized error: 1.227 
Mean squared cross-validation error: 17849.434 
Mean squared standardized error: 1.206 

Linear Regression
-----------------
- Calculated on 151 active values
- Constant term           = 3.61197
- Explanatory Variable #1 = -0.0090641
- Initial variance        = 1.01979
- Variance of residuals   = 0.363298
NULL

Statistics on the residuals
---------------------------
                       Number    Minimum    Maximum       Mean   St. Dev.
RegRes.Temperature        151     -1.359      1.795      0.000      0.603

NULL
NULL

Comparison between Ordinary and Residual kriging predictions
------------------------------------------------------------
                         Number    Minimum    Maximum       Mean   St. Dev.
OK.Temperature.estim       3092      0.604      5.082      2.835      0.954
KR.Temperature.estim       3092     -8.097      5.108      1.445      1.906

NULL

Linear Regression
-----------------
- Calculated on 151 active values
- Explanatory Variable #1 = 3.52136
- Explanatory Variable #2 = -0.00746599
- Explanatory Variable #3 = 0.00197753
- Initial variance        = 1.01979
- Variance of residuals   = 0.735557
NULL

Statistics on the Universal Kriging:
------------------------------------
                         Number    Minimum    Maximum       Mean   St. Dev.
UK.Temperature.estim       3092      0.613      5.051      2.841      0.923
UK.Temperature.stdev       3092      0.083      0.919      0.555      0.138

NULL

Comparison between Ordinary and Universal kriging predictions:
--------------------------------------------------------------
                         Number    Minimum    Maximum       Mean   St. Dev.
OK.Temperature.estim       3092      0.604      5.082      2.835      0.954
UK.Temperature.estim       3092      0.613      5.051      2.841      0.923

NULL
Mean squared cross-validation error: 0.251 
Mean squared standardized error: 0.855 

Statistics on the Kriging with External Drift predictions
---------------------------------------------------------
                          Number    Minimum    Maximum       Mean   St. Dev.
KED.Temperature.estim       3092     -6.004      4.773      1.778      1.540
KED.Temperature.stdev       3092      0.312      0.615      0.396      0.051

Mean squared cross-validation error: 0.172 
Mean squared standardized error: 1.143 

Mean-squared cross-validation errors
------------------------------------
                              Number    Minimum    Maximum       Mean   St. Dev.
CV_OK.Temperature.esterr         151     -1.355      1.509     -0.012      0.504
CV_COK.Temperature.esterr        151     -1.759      1.648     -0.105      0.517
CV_UK.Temperature.esterr         151     -1.713      1.477     -0.003      0.501
CV_KED.Temperature.esterr        151     -1.577      1.001     -0.009      0.414


Statistics of the predictors
----------------------------
                                 Number    Minimum    Maximum       Mean   St. Dev.
OK.Temperature.estim               3092      0.604      5.082      2.835      0.954
COK.Temperature.estim              3092      0.200      5.094      2.671      0.970
ROK.RegRes.Temperature.estim       3092     -0.771      1.586      0.019      0.455
KR.Temperature.estim               3092     -8.097      5.108      1.445      1.906
UK.Temperature.estim               3092      0.613      5.051      2.841      0.923
KED.Temperature.estim              3092     -6.004      4.773      1.778      1.540


Statistics of the standard-deviation of each predictors
-------------------------------------------------------
                                 Number    Minimum    Maximum       Mean   St. Dev.
OK.Temperature.stdev               3092      0.077      0.992      0.492      0.145
COK.Temperature.stdev              3092      0.231      0.948      0.448      0.109
ROK.RegRes.Temperature.stdev       3092      0.304      0.504      0.362      0.031
UK.Temperature.stdev               3092      0.083      0.919      0.555      0.138
KED.Temperature.stdev              3092      0.312      0.615      0.396      0.051

