
Hermitian Anamorphosis
----------------------
Minimum absolute value for Y  = -2.8
Maximum absolute value for Y  = 2.7
Minimum absolute value for Z  = 0.62599
Maximum absolute value for Z  = 5.24756
Minimum practical value for Y = -2.8
Maximum practical value for Y = 2.7
Minimum practical value for Z = 0.62599
Maximum practical value for Z = 5.24756
Mean                          = 2.81457
Variance                      = 1.01677
Number of Hermite polynomials = 30
Normalized coefficients for Hermite polynomials (punctual variable)
               [,  0]    [,  1]    [,  2]    [,  3]    [,  4]    [,  5]    [,  6]
     [  0,]     2.815    -1.003     0.010     0.067     0.005     0.030    -0.007
     [  7,]    -0.035     0.009     0.027    -0.011    -0.019     0.014     0.013
     [ 14,]    -0.017    -0.008     0.019     0.004    -0.020    -0.001     0.020
     [ 21,]    -0.002    -0.018     0.004     0.016    -0.005    -0.014     0.006
     [ 28,]     0.011    -0.005
