
Model characteristics
=====================
Space dimension              = 2
Number of variable(s)        = 1
Number of basic structure(s) = 1
Number of drift function(s)  = 0
Number of drift equation(s)  = 0

Covariance Part
---------------
Spherical
- Sill         =      1.155
- Range        =    135.133
Total Sill     =      1.155
NULL
NULL

Data Base Grid Characteristics
==============================

Data Base Summary
-----------------
File is organized as a regular grid
Space dimension              = 2
Number of Columns            = 5
Total number of samples      = 11097
Number of active samples     = 3092

Grid characteristics:
---------------------
Origin :     65.000   535.000
Mesh   :      4.938     4.963
Number :         81       137

Variables
---------
Column = 0 - Name = Longitude - Locator = x1
Column = 1 - Name = Latitude - Locator = x2
Column = 2 - Name = Elevation - Locator = f1
Column = 3 - Name = inshore - Locator = sel
Column = 4 - Name = Simu1 - Locator = z1
NULL
Mean of observed temperatures: 2.815NULL

Model characteristics
=====================
Space dimension              = 2
Number of variable(s)        = 1
Number of basic structure(s) = 2
Number of drift function(s)  = 2
Number of drift equation(s)  = 2

Covariance Part
---------------
Spherical
- Sill         =      0.178
- Range        =     30.039
Cubic
- Sill         =      0.420
- Range        =    451.351
Total Sill     =      0.598

Drift Part
----------
Universality_Condition
External_Drift:0
NULL
NULL
NULL
