NULL

Hermitian Anamorphosis
----------------------
Minimum absolute value for Y  = -3.5
Maximum absolute value for Y  = 3.9
Minimum absolute value for Z  = 0.0174079
Maximum absolute value for Z  = 25.123
Minimum practical value for Y = -3.1
Maximum practical value for Y = 3.9
Minimum practical value for Z = 0.0263251
Maximum practical value for Z = 25.123
Mean                          = 0.998127
Variance                      = 1.63944
Number of Hermite polynomials = 99
Normalized coefficients for Hermite polynomials (punctual variable)
               [,  0]    [,  1]    [,  2]    [,  3]    [,  4]    [,  5]    [,  6]
     [  0,]     1.000    -1.000     0.707    -0.408     0.204    -0.091     0.037
     [  7,]    -0.014     0.005    -0.002     0.001     0.000     0.000     0.000
     [ 14,]     0.000     0.000     0.000     0.000     0.000     0.000     0.000
     [ 21,]     0.000     0.000     0.000     0.000     0.000     0.000     0.000
     [ 28,]     0.000     0.000     0.000     0.000     0.000     0.000     0.000
     [ 35,]     0.000     0.000     0.000     0.000     0.000     0.000     0.000
     [ 42,]     0.000     0.000     0.000     0.000     0.000     0.000     0.000
     [ 49,]     0.000     0.000     0.000     0.000     0.000     0.000     0.000
     [ 56,]     0.000     0.000     0.000     0.000     0.000     0.000     0.000
     [ 63,]     0.000     0.000     0.000     0.000     0.000     0.000     0.000
     [ 70,]     0.000     0.000     0.000     0.000     0.000     0.000     0.000
     [ 77,]     0.000     0.000     0.000     0.000     0.000     0.000     0.000
     [ 84,]     0.000     0.000     0.000     0.000     0.000     0.000     0.000
     [ 91,]     0.000     0.000     0.000     0.000     0.000     0.000     0.000
     [ 98,]     0.000
NULL
NULL
