
Data Base Grid Characteristics
==============================

Data Base Summary
-----------------
File is organized as a regular grid
Space dimension              = 2
Number of Columns            = 4
Total number of samples      = 1800

Grid characteristics:
---------------------
Origin :      0.000     0.000
Mesh   :      1.000     1.000
Number :         60        30

Variables
---------
Column = 0 - Name = rank - Locator = NA
Column = 1 - Name = x1 - Locator = x1
Column = 2 - Name = x2 - Locator = x2
Column = 3 - Name = var1 - Locator = NA
NULL
