[1] ">>> number of selected samples = 238"
[1] ">>> computing 4 proportions over 36 simulations"
[1] "== Cell #213/910 (regrouping 250 samples)"


Table: Statistics on 250 samples for cell 3/9/2 over the 36 simulations

|         | count| min|   max| median|  mean|    sd|
|:--------|-----:|---:|-----:|------:|-----:|-----:|
|Code = 0 |    36|   0| 0.911|  0.009| 0.307| 0.433|
|Code = 1 |    36|   0| 0.696|  0.077| 0.140| 0.191|
|Code = 2 |    36|   0| 0.739|  0.080| 0.199| 0.251|
|Code = 3 |    36|   0| 1.000|  0.229| 0.355| 0.373|
[1] "== Cell #294/910 (regrouping 247 samples)"


Table: Statistics on 247 samples for cell 4/4/3 over the 36 simulations

|         | count|   min|   max| median|  mean|    sd|
|:--------|-----:|-----:|-----:|------:|-----:|-----:|
|Code = 0 |    36| 0.003| 0.630|  0.563| 0.399| 0.285|
|Code = 1 |    36| 0.368| 0.997|  0.437| 0.541| 0.245|
|Code = 2 |    36| 0.000| 0.588|  0.000| 0.060| 0.165|
|Code = 3 |    36| 0.000| 0.000|  0.000| 0.000| 0.000|
[1] "== Cell #346/910 (regrouping 258 samples)"


Table: Statistics on 258 samples for cell 6/9/3 over the 36 simulations

|         | count|   min|   max| median|  mean|    sd|
|:--------|-----:|-----:|-----:|------:|-----:|-----:|
|Code = 0 |    36| 0.000| 0.932|  0.052| 0.328| 0.434|
|Code = 1 |    36| 0.012| 0.948|  0.238| 0.386| 0.358|
|Code = 2 |    36| 0.000| 0.980|  0.105| 0.254| 0.301|
|Code = 3 |    36| 0.000| 0.459|  0.000| 0.031| 0.092|
[1] "== Cell #423/910 (regrouping 238 samples)"


Table: Statistics on 238 samples for cell 3/4/4 over the 36 simulations

|         | count|   min|   max| median|  mean|    sd|
|:--------|-----:|-----:|-----:|------:|-----:|-----:|
|Code = 0 |    36| 0.000| 0.000|  0.000| 0.000| 0.000|
|Code = 1 |    36| 0.036| 0.934|  0.414| 0.444| 0.268|
|Code = 2 |    36| 0.066| 0.951|  0.586| 0.549| 0.260|
|Code = 3 |    36| 0.000| 0.138|  0.000| 0.006| 0.024|
[1] "== Cell #507/910 (regrouping 260 samples)"


Table: Statistics on 260 samples for cell 7/12/4 over the 36 simulations

|         | count|   min|   max| median|  mean|    sd|
|:--------|-----:|-----:|-----:|------:|-----:|-----:|
|Code = 0 |    36| 0.000| 0.448|  0.157| 0.202| 0.188|
|Code = 1 |    36| 0.457| 0.998|  0.746| 0.719| 0.175|
|Code = 2 |    36| 0.000| 0.543|  0.001| 0.079| 0.158|
|Code = 3 |    36| 0.000| 0.002|  0.000| 0.000| 0.000|

Simulation Post-Processing
--------------------------
Multiplicity order for all variables
- Variable 1 (Z_1*) = 3
- Variable 2 (Z_2*) = 4
- Variable 3 (Z_3*) = 3
Number of Iterations: 36 (using the 'product' criterion)
Number of Statistics: 5
Number of Transform Variables: 4
Number of Output Variables: 20

== Cell #213/910 (regrouping 250 samples)
         Minimum    Maximum     Median       Mean       Std.
Var 1      0.000      0.911      0.009      0.307      0.433
Var 2      0.000      0.696      0.077      0.140      0.191
Var 3      0.000      0.739      0.080      0.199      0.251
Var 4      0.000      1.000      0.229      0.355      0.373

== Cell #294/910 (regrouping 247 samples)
         Minimum    Maximum     Median       Mean       Std.
Var 1      0.003      0.630      0.563      0.399      0.285
Var 2      0.368      0.997      0.437      0.541      0.245
Var 3      0.000      0.588      0.000      0.060      0.165
Var 4      0.000      0.000      0.000      0.000      0.000

== Cell #346/910 (regrouping 258 samples)
         Minimum    Maximum     Median       Mean       Std.
Var 1      0.000      0.932      0.052      0.328      0.434
Var 2      0.012      0.948      0.238      0.386      0.358
Var 3      0.000      0.980      0.105      0.254      0.301
Var 4      0.000      0.459      0.000      0.031      0.092

== Cell #423/910 (regrouping 238 samples)
         Minimum    Maximum     Median       Mean       Std.
Var 1      0.000      0.000      0.000      0.000      0.000
Var 2      0.036      0.934      0.414      0.444      0.268
Var 3      0.066      0.951      0.586      0.549      0.260
Var 4      0.000      0.138      0.000      0.006      0.024

== Cell #507/910 (regrouping 260 samples)
         Minimum    Maximum     Median       Mean       Std.
Var 1      0.000      0.448      0.157      0.202      0.188
Var 2      0.457      0.998      0.746      0.719      0.175
Var 3      0.000      0.543      0.001      0.079      0.158
Var 4      0.000      0.002      0.000      0.000      0.000
[1] "sd(U) == VectorHelper_stdv(U, FALSE)"
[1] "sd(U) = 0.224831 vs. VectorHelper_stdv(U, TRUE) = 0.213293"
