
Data Base Grid Characteristics
==============================

Data Base Summary
-----------------
File is organized as a regular grid
Space dimension              = 2
Number of Columns            = 3
Total number of samples      = 10000

Grid characteristics:
---------------------
Origin :      0.000     0.000
Mesh   :      0.010     0.010
Number :        100       100

Variables
---------
Column = 0 - Name = rank - Locator = NA
Column = 1 - Name = x1 - Locator = x1
Column = 2 - Name = x2 - Locator = x2
NULL
NULL
NULL
NULL
NULL

Data Base Characteristics
=========================

Data Base Summary
-----------------
File is organized as a set of isolated points
Space dimension              = 2
Number of Columns            = 6
Total number of samples      = 500

Variables
---------
Column = 0 - Name = rank - Locator = NA
Column = 1 - Name = x1 - Locator = x1
Column = 2 - Name = x2 - Locator = x2
Column = 3 - Name = Z1 - Locator = z1
Column = 4 - Name = Z2 - Locator = z2
Column = 5 - Name = Z3 - Locator = z3
NULL

Model characteristics
=====================
Space dimension              = 2
Number of variable(s)        = 3
Number of basic structure(s) = 3
Number of drift function(s)  = 0
Number of drift equation(s)  = 0

Covariance Part
---------------
Nugget Effect
- Sill matrix:
               [,  0]    [,  1]    [,  2]
     [  0,]     0.037     0.214     0.009
     [  1,]     0.214     5.333     0.784
     [  2,]     0.009     0.784     1.388
Exponential
- Sill matrix:
               [,  0]    [,  1]    [,  2]
     [  0,]     0.155     0.956     0.380
     [  1,]     0.956    19.653     4.272
     [  2,]     0.380     4.272     4.606
- Range        =      0.129
- Theo. Range  =      0.043
Cubic
- Sill matrix:
               [,  0]    [,  1]    [,  2]
     [  0,]     0.081    -0.243    -0.134
     [  1,]    -0.243     0.775     0.167
     [  2,]    -0.134     0.167     1.431
- Range        =      0.599
Total Sill
               [,  0]    [,  1]    [,  2]
     [  0,]     0.273     0.927     0.255
     [  1,]     0.927    25.760     5.222
     [  2,]     0.255     5.222     7.426

Known Mean(s)     0.000     0.000     0.000
NULL
NULL
     [,1] [,2] [,3]
[1,]    1    0    0
[2,]    0    1    0
[3,]    0    0    1
     [,1] [,2] [,3]
[1,]    1    0    0
[2,]    0    1    0
[3,]    0    0    1
[1] 0 0 0
[1] 0 0
NULL
NULL
NULL
NULL

Model characteristics
=====================
Space dimension              = 2
Number of variable(s)        = 3
Number of basic structure(s) = 3
Number of drift function(s)  = 0
Number of drift equation(s)  = 0

Covariance Part
---------------
Nugget Effect
- Sill matrix:
               [,  0]    [,  1]    [,  2]
     [  0,]     0.127     0.172    -0.003
     [  1,]     0.172     0.239     0.025
     [  2,]    -0.003     0.025     0.132
Exponential
- Sill matrix:
               [,  0]    [,  1]    [,  2]
     [  0,]     0.636    -0.397    -0.061
     [  1,]    -0.397     0.288    -0.061
     [  2,]    -0.061    -0.061     0.246
- Range        =      0.082
- Theo. Range  =      0.027
Cubic
- Sill matrix:
               [,  0]    [,  1]    [,  2]
     [  0,]     0.210     0.221     0.040
     [  1,]     0.221     0.443     0.089
     [  2,]     0.040     0.089     0.557
- Range        =      0.113
Total Sill
               [,  0]    [,  1]    [,  2]
     [  0,]     0.973    -0.004    -0.024
     [  1,]    -0.004     0.970     0.052
     [  2,]    -0.024     0.052     0.935

Known Mean(s)     0.000     0.000     0.000
NULL
NULL
     [,1] [,2] [,3]
[1,]    1    0    0
[2,]    0    1    0
[3,]    0    0    1
     [,1] [,2] [,3]
[1,]    1    0    0
[2,]    0    1    0
[3,]    0    0    1
[1] 0 0 0
[1] 0 0
NULL
NULL
NULL
NULL

Model characteristics
=====================
Space dimension              = 2
Number of variable(s)        = 3
Number of basic structure(s) = 3
Number of drift function(s)  = 0
Number of drift equation(s)  = 0

Covariance Part
---------------
Nugget Effect
- Sill matrix:
               [,  0]    [,  1]    [,  2]
     [  0,]     0.233     0.005     0.002
     [  1,]     0.005     0.407     0.012
     [  2,]     0.002     0.012     0.000
Exponential
- Sill matrix:
               [,  0]    [,  1]    [,  2]
     [  0,]     0.074     0.058     0.012
     [  1,]     0.058     0.045     0.012
     [  2,]     0.012     0.012     0.602
- Range        =      0.042
- Theo. Range  =      0.014
Spherical
- Sill matrix:
               [,  0]    [,  1]    [,  2]
     [  0,]     0.686    -0.093     0.013
     [  1,]    -0.093     0.602    -0.049
     [  2,]     0.013    -0.049     0.437
- Range        =      0.180
Total Sill
               [,  0]    [,  1]    [,  2]
     [  0,]     0.994    -0.031     0.028
     [  1,]    -0.031     1.054    -0.024
     [  2,]     0.028    -0.024     1.040

Known Mean(s)     0.000     0.000     0.000
NULL
[1] 0 0
[1] 0 0 0
     [,1] [,2] [,3]
[1,]    1    0    0
[2,]    0    1    0
[3,]    0    0    1
[1] 0 0
[1] 0 0 0
     [,1] [,2] [,3]
[1,]    1    0    0
[2,]    0    1    0
[3,]    0    0    1
