      Minimum    Maximum       Mean   St. Dev.
Z1      0.382      2.456      1.000      0.254
Z2      0.069      2.833      0.500      0.266
Y1     -3.719      3.719      0.000      0.999
Y2     -3.719      3.719      0.000      0.999
NULL
      Minimum    Maximum       Mean   St. Dev.
Z1      0.477      1.998      1.001      0.258
Z2      0.083      1.861      0.498      0.272
NULL
       Minimum    Maximum       Mean   St. Dev.
 Y1     -2.879      2.879      0.000      0.989
 Y2     -2.879      2.879      0.000      0.989
U-1     -2.801      2.825      0.000      0.989
U-2     -3.032      2.766      0.000      0.989
NULL
