

Table: Statistics on the initial simulations

|   | Number| Minimum| Maximum|    Mean| St. Dev.|
|:--|------:|-------:|-------:|-------:|--------:|
|Z1 |  10000|  96.240| 103.796| 100.056|    1.035|
|Z2 |  10000|  -3.893|   4.364|  -0.080|    0.994|
[1] "Correlation = -0.692"


Table: Statistics on the heterotopic data set

|               | Number| Minimum| Maximum|    Mean| St. Dev.|
|:--------------|------:|-------:|-------:|-------:|--------:|
|Z1.heterotopic |    150|  97.698| 102.954| 100.087|    1.021|
|Z2.heterotopic |    160|  -2.599|   2.103|  -0.044|    0.992|


Table: Statistics on the homotopic sub set

|               | Number| Minimum| Maximum|    Mean| St. Dev.|
|:--------------|------:|-------:|-------:|-------:|--------:|
|Z1.heterotopic |    125|  97.698| 102.954| 100.129|    1.028|
|Z2.heterotopic |    125|  -2.599|   2.103|  -0.054|    1.021|


Table: Statistics on simulated data

|             | Number| Minimum|  Maximum|     Mean| St. Dev.|
|:------------|------:|-------:|--------:|--------:|--------:|
|homotopic.Z1 |  10000| 95.8723| 103.4425| 100.0238|   1.0003|
|homotopic.Z2 |  10000| -3.2258|   3.6165|   0.0544|   0.9683|


Table: Statistics on simulated data

|                           | Number| Minimum|  Maximum|    Mean| St. Dev.|
|:--------------------------|------:|-------:|--------:|-------:|--------:|
|heterotopic.Z1.heterotopic |  10000| 96.0081| 103.5257| 99.9908|   1.0449|
|heterotopic.Z2.heterotopic |  10000| -3.3506|   3.6063|  0.0156|   0.9861|
