NULL
[1] "quad_chol = 84.8891"
[1] "quad_api  = 83.8384"
[1] "Quadratic form: relative difference = -1.24%"
[1] "log_det_op_chol = 26060.787"
[1] "log_det_op_api  = 25947.8238"
[1] "relative difference = -0.43%"
[1] "log_det_Q_chol = 25197.6444"
[1] "log_det_Q_api = 25197.6444"
[1] "relative difference = 0%"
[1] "Sum of log var - model = -921.034"
[1] "Sum of log var - api   = -460.517"
[1] "relative difference = -50%"
[1] "log_det_LL_chol = 57.8915"
[1] "log_det_LL_api  = 358.985"
[1] "relative difference = 520.1%"
[1] "likelihood api  = -241.5624"
[1] "likelihood_chol = -13.4988"
[1] "1690%"

Model characteristics
=====================
Space dimension              = 2
Number of variable(s)        = 1
Number of basic structure(s) = 1
Number of drift function(s)  = 0
Number of drift equation(s)  = 0

Covariance Part
---------------
K-Bessel (Third Parameter = 1)
- Sill         =      1.000
- Range        =      0.200
- Theo. Range  =      0.058
Total Sill     =      1.000

Model characteristics
=====================
Space dimension              = 2
Number of variable(s)        = 1
Number of basic structure(s) = 2
Number of drift function(s)  = 0
Number of drift equation(s)  = 0

Covariance Part
---------------
K-Bessel (Third Parameter = 1)
- Sill         =      1.000
- Range        =      0.200
- Theo. Range  =      0.058
Nugget Effect
- Sill         =      0.000
Total Sill     =      1.000
[1] "Using Cholesky: LL = -13.4988217677376"
[1] "Using SPDE api: LL = -217.996310243654"


Table: Maximum of Log-Likelihood for range and sill

|        | range|  sill|  tau| LL value|
|:-------|-----:|-----:|----:|--------:|
|initial | 0.200| 1.000| 0.01|   41.075|
|final   | 0.219| 0.903| 0.01|   12.638|
