                 MINI      MAXI      MEAN      STDV
x1            -0.092     0.980     0.423     0.219
x2            -0.097     1.402     0.680     0.275
x3            -0.031     1.116     0.407     0.174
                 MINI      MAXI      MEAN      STDV
x1            -0.092     0.980     0.423     0.219
x2            -0.097     1.402     0.680     0.275
x3            -0.031     1.116     0.407     0.174
Y1            -3.719     3.719     0.000     0.999
Y2            -3.719     3.719     0.000     0.999
Y3            -3.719     3.719     0.000     0.999
U-1           -3.598     3.714     0.000     0.999
U-2           -3.546     3.903     0.000     0.999
U-3           -3.680     3.850     0.000     0.999
                 MINI      MAXI      MEAN      STDV
x1            -0.071     0.947     0.422     0.215
x2             0.007     1.389     0.681     0.272
x3            -0.006     1.092     0.408     0.173
NULL
NULL
NULL
NULL
NULL
NULL
