NULL


Table: Statistics on the reference data set

|           | Number|  Minimum| Maximum|    Mean| St. Dev.|
|:----------|------:|--------:|-------:|-------:|--------:|
|grid-Z1    |  10000|   0.4528|  2.2903|  1.0419|   0.2619|
|grid-Z2    |  10000|   0.1436| 19.3043|  2.0463|   1.6557|
|grid-LC    |  10000| -56.0681|  0.2466| -5.0969|   4.8060|
|samples-Z1 |     50|   0.7668|  1.6995|  1.1311|   0.2404|
|samples-Z2 |     50|   0.4950|  8.6065|  2.4518|   1.9422|
|samples-LC |     50| -24.2671| -0.5821| -6.2242|   5.6858|
NULL


Table: Statistics on the grid for Ordinary Kriging with the initial model

|            | Number| Minimum| Maximum|   Mean| St. Dev.|
|:-----------|------:|-------:|-------:|------:|--------:|
|Z1          |  10000|  0.4528|  2.2903| 1.0419|   0.2619|
|OK.Z1.estim |  10000|  0.8030|  1.6644| 1.1035|   0.1053|
|OK.Z1.stdev |  10000|  0.0888|  0.2675| 0.2231|   0.0259|
|Z2          |  10000|  0.1436| 19.3043| 2.0463|   1.6557|
|OK.Z2.estim |  10000|  0.4067|  7.3691| 2.2582|   1.0286|
|OK.Z2.stdev |  10000|  0.7038|  1.9726| 1.4663|   0.1758|


Table: Statistics on the grid for Ordinary Kriging with the LC model

|               | Number|  Minimum| Maximum|    Mean| St. Dev.|
|:--------------|------:|--------:|-------:|-------:|--------:|
|OK.Z1.estim    |  10000|   0.8030|  1.6644|  1.1035|   0.1053|
|OK-LC.Z1.estim |  10000|   0.8030|  1.6644|  1.1035|   0.1053|
|OK-LC.LC.estim |  10000| -20.5210| -0.3121| -5.6710|   3.0181|
|LC.OK.estim    |  10000| -20.5210| -0.3121| -5.6710|   3.0181|
|OK.Z1.stdev    |  10000|   0.0888|  0.2675|  0.2231|   0.0259|
|OK-LC.Z1.stdev |  10000|   0.0888|  0.2675|  0.2231|   0.0259|
|OK-LC.LC.stdev |  10000|   2.1830|  5.7679|  4.2761|   0.4964|


Table: Statistics on the grid for Ordinary Kriging of LC

|               | Number| Minimum| Maximum|    Mean| St. Dev.|
|:--------------|------:|-------:|-------:|-------:|--------:|
|OK-LC.LC.estim |  10000| -20.521| -0.3121| -5.6710|   3.0181|
|dOK.LC.estim   |  10000| -20.521| -0.3121| -5.6710|   3.0181|
|LC.OK.estim    |  10000| -20.521| -0.3121| -5.6710|   3.0181|
|OK-LC.LC.stdev |  10000|   2.183|  5.7679|  4.2761|   0.4964|
|dOK.LC.stdev   |  10000|   2.183|  5.7679|  4.2761|   0.4964|


Table: Statistics on the grid for Simple Kriging with the initial model

|            | Number| Minimum| Maximum|   Mean| St. Dev.|
|:-----------|------:|-------:|-------:|------:|--------:|
|Z1          |  10000|  0.4528|  2.2903| 1.0419|   0.2619|
|SK.Z1.estim |  10000|  0.7970|  1.6515| 1.0560|   0.1081|
|SK.Z1.stdev |  10000|  0.0888|  0.2452| 0.2204|   0.0244|
|Z2          |  10000|  0.1436| 19.3043| 2.0463|   1.6557|
|SK.Z2.estim |  10000|  0.4290|  7.4008| 2.0703|   1.0404|
|SK.Z2.stdev |  10000|  0.7036|  1.8913| 1.4589|   0.1699|


Table: Statistics on the grid for Simple Kriging with the LC model

|               | Number|  Minimum| Maximum|    Mean| St. Dev.|
|:--------------|------:|--------:|-------:|-------:|--------:|
|SK.Z1.estim    |  10000|   0.7970|  1.6515|  1.0560|   0.1081|
|SK-LC.Z1.estim |  10000|   0.7970|  1.6515|  1.0560|   0.1081|
|SK-LC.LC.estim |  10000| -20.6213| -0.4218| -5.1548|   3.0496|
|LC.SK.estim    |  10000| -20.6213| -0.4218| -5.1548|   3.0496|
|SK.Z1.stdev    |  10000|   0.0888|  0.2452|  0.2204|   0.0244|
|SK-LC.Z1.stdev |  10000|   0.0888|  0.2452|  0.2204|   0.0244|
|SK-LC.LC.stdev |  10000|   2.1822|  5.5442|  4.2567|   0.4805|


Table: Statistics on the grid for Simple Kriging of LC

|               | Number|  Minimum| Maximum|    Mean| St. Dev.|
|:--------------|------:|--------:|-------:|-------:|--------:|
|SK-LC.LC.estim |  10000| -20.6213| -0.4218| -5.1548|   3.0496|
|dSK.LC.estim   |  10000| -20.6213| -0.4218| -5.1548|   3.0496|
|LC.SK.estim    |  10000| -20.6213| -0.4218| -5.1548|   3.0496|
|SK-LC.LC.stdev |  10000|   2.1822|  5.5442|  4.2567|   0.4805|
|dSK.LC.stdev   |  10000|   2.1822|  5.5442|  4.2567|   0.4805|


Table: Statistics on the heterotopic data

|        | Number| Minimum| Maximum|   Mean| St. Dev.|
|:-------|------:|-------:|-------:|------:|--------:|
|Z1      |     50|  0.7668|  1.6995| 1.1311|   0.2404|
|Z1_miss |     40|  0.7668|  1.6995| 1.1455|   0.2535|
|Z2      |     50|  0.4950|  8.6065| 2.4518|   1.9422|
|Z2_miss |     26|  0.5496|  8.6065| 2.3753|   2.0060|


Table: Statistics on the grid for Ordinary Kriging with heterotopic data

|                | Number|  Minimum| Maximum|    Mean| St. Dev.|
|:---------------|------:|--------:|-------:|-------:|--------:|
|dOK_He.LC.estim |  10000| -20.3976|  0.2632| -5.2233|   2.8012|
|dOK.LC.estim    |  10000| -20.5210| -0.3121| -5.6710|   3.0181|
|LC.OK.estim     |  10000| -20.5210| -0.3121| -5.6710|   3.0181|
|dOK_He.LC.stdev |  10000|   2.3452|  5.8259|  4.5427|   0.4591|
|dOK.LC.stdev    |  10000|   2.1830|  5.7679|  4.2761|   0.4964|


Table: Statistics on the grid for simple coKriging with heterotopic data

|                | Number|  Minimum| Maximum|    Mean| St. Dev.|
|:---------------|------:|--------:|-------:|-------:|--------:|
|dSK_He.LC.estim |  10000| -20.5549|  0.0866| -4.7525|   2.8344|
|dSK.LC.estim    |  10000| -20.6213| -0.4218| -5.1548|   3.0496|
|LC.SK.estim     |  10000| -20.6213| -0.4218| -5.1548|   3.0496|
|dSK_He.LC.stdev |  10000|   2.3421|  5.6457|  4.5249|   0.4477|
|dSK.LC.stdev    |  10000|   2.1822|  5.5442|  4.2567|   0.4805|
