NULL
NULL

Polygons
--------
Number of Polygon Sets = 1
NULL

Polygons
--------
Number of Polygon Sets = 1

Polyset #1
..........
Line Vertex Coordinates
               [,  0]    [,  1]
     [  0,]    40.000    25.000
     [  1,]    75.000    10.000
     [  2,]   100.000    75.000
     [  3,]    15.000    60.000
NULL
[1] 1325
NULL

Data Base Grid Characteristics
==============================

Data Base Summary
-----------------
File is organized as a regular grid
Space dimension              = 2
Number of Columns            = 5
Maximum Number of UIDs       = 5
Total number of samples      = 15000
Number of active samples     = 3006

Grid characteristics:
---------------------
Origin :      0.000     0.000
Mesh   :      1.000     1.000
Number :        150       100

Variables
---------
Column = 0 - Name = rank - Locator = NA
Column = 1 - Name = x1 - Locator = x1
Column = 2 - Name = x2 - Locator = x2
Column = 3 - Name = Simu - Locator = z1
Column = 4 - Name = Polygon - Locator = sel
NULL
NULL

Polygons
--------
Number of Polygon Sets = 3

Polyset #1
..........
Line Vertex Coordinates
               [,  0]    [,  1]
     [  0,]    40.000    25.000
     [  1,]    75.000    10.000
     [  2,]   100.000    75.000
     [  3,]    15.000    60.000

Polyset #2
..........
Line Vertex Coordinates
               [,  0]    [,  1]
     [  0,]    50.000    30.000
     [  1,]   100.000    30.000
     [  2,]   100.000    55.000
     [  3,]    50.000    55.000

Polyset #3
..........
Line Vertex Coordinates
               [,  0]    [,  1]
     [  0,]    25.000    25.000
     [  1,]   100.000    25.000
     [  2,]    55.000    80.000
NULL
NULL
NULL
Is the Point ( 75 , 50 ) with flag_nested = FALSE , inside the Polygon = TRUE 
Is the Point ( 40 , 40 ) with flag_nested = FALSE , inside the Polygon = TRUE 
Is the Point ( 40 , 40 ) with flag_nested = TRUE , inside the Polygon = FALSE 
