    Min.  1st Qu.   Median     Mean  3rd Qu.     Max. 
0.000061 0.249970 0.499939 0.499833 0.749908 0.999878 
