Non geographical defaults (mode=1):
- Figure dimensions = 8 8 
- Limits along X (not defined)
- Limits along Y (not defined)
- Aspect (automatic)
Geographical defaults (mode=2):
- Figure dimensions = 8 8 
- Limits along X (not defined)
- Limits along Y (not defined)
- Aspect = 1 
NULL

Data Base Grid Characteristics
==============================

Data Base Summary
-----------------
File is organized as a regular grid
Space dimension              = 2
Number of Columns            = 5
Maximum Number of UIDs       = 5
Total number of samples      = 1750

Grid characteristics:
---------------------
Origin :    -40.000    20.000
Mesh   :      1.000     2.000
Number :         70        25

Variables
---------
Column = 0 - Name = rank - Locator = NA
Column = 1 - Name = x1 - Locator = x1
Column = 2 - Name = x2 - Locator = x2
Column = 3 - Name = Simu.1 - Locator = z1
Column = 4 - Name = Simu.2 - Locator = z2
NULL

Data Base Grid Characteristics
==============================

Data Base Summary
-----------------
File is organized as a regular grid
Space dimension              = 2
Number of Columns            = 6
Maximum Number of UIDs       = 6
Total number of samples      = 1750
Number of active samples     = 1694

Grid characteristics:
---------------------
Origin :    -40.000    20.000
Mesh   :      1.000     2.000
Number :         70        25

Variables
---------
Column = 0 - Name = rank - Locator = NA
Column = 1 - Name = x1 - Locator = x1
Column = 2 - Name = x2 - Locator = x2
Column = 3 - Name = Simu.1 - Locator = z1
Column = 4 - Name = Simu.2 - Locator = z2
Column = 5 - Name = sel - Locator = sel

Data Base Grid Characteristics
==============================

Data Base Summary
-----------------
File is organized as a regular grid
Space dimension              = 2
Number of Columns            = 5
Maximum Number of UIDs       = 5
Total number of samples      = 1750

Grid characteristics:
---------------------
Origin :    -40.000    20.000
Mesh   :      1.000     2.000
Number :         70        25
Rotation Angles        =     10.000     0.000
Direct Rotation Matrix
               [,  0]    [,  1]
     [  0,]     0.985    -0.174
     [  1,]     0.174     0.985
Inverse Rotation Matrix
               [,  0]    [,  1]
     [  0,]     0.985     0.174
     [  1,]    -0.174     0.985

Variables
---------
Column = 0 - Name = rank - Locator = NA
Column = 1 - Name = x1 - Locator = x1
Column = 2 - Name = x2 - Locator = x2
Column = 3 - Name = Simu.1 - Locator = z1
Column = 4 - Name = Simu.2 - Locator = z2

Data Base Characteristics
=========================

Data Base Summary
-----------------
File is organized as a set of isolated points
Space dimension              = 2
Number of Columns            = 5
Maximum Number of UIDs       = 5
Total number of samples      = 17

Variables
---------
Column = 0 - Name = rank - Locator = NA
Column = 1 - Name = x1 - Locator = x1
Column = 2 - Name = x2 - Locator = x2
Column = 3 - Name = Simu.1 - Locator = z1
Column = 4 - Name = Simu.2 - Locator = z2
NULL

Data Base Grid Characteristics
==============================

Data Base Summary
-----------------
File is organized as a regular grid
Space dimension              = 3
Number of Columns            = 4
Maximum Number of UIDs       = 4
Total number of samples      = 3000

Grid characteristics:
---------------------
Origin :      0.000     0.000     0.000
Mesh   :      1.000     1.000     1.000
Number :         10        15        20

Variables
---------
Column = 0 - Name = rank - Locator = NA
Column = 1 - Name = x1 - Locator = x1
Column = 2 - Name = x2 - Locator = x2
Column = 3 - Name = x3 - Locator = x3
