
Model characteristics
=====================
Space dimension              = 2
Number of variable(s)        = 1
Number of basic structure(s) = 2
Number of drift function(s)  = 0
Number of drift equation(s)  = 0

Covariance Part
---------------
Gaussian
- Sill         =      0.018
- Ranges       =    438.218   399.728
- Theo. Ranges =    253.185   230.947
- Angles       =     50.000     0.000
- Rotation Matrix
               [,  1]    [,  2]
     [  1,]     0.643    -0.766
     [  2,]     0.766     0.643
Cubic
- Sill         =      0.035
- Ranges       =   4966.815 16925.175
- Angles       =     50.000     0.000
- Rotation Matrix
               [,  1]    [,  2]
     [  1,]     0.643    -0.766
     [  2,]     0.766     0.643
Total Sill     =      0.053
